https://angular-meteor.com/tutorials/whatsapp2/meteor/setup

------------------------
Meteor 설치
------------------------

* Installer download 설치 : https://install.meteor.com/window
skip account(pdi1066@naver.com / vulcan9 / park01)

* 또는 Chocolatey를 통한 설치 : https://chocolatey.org/install
$ choco install meteor

주의) CMD를 관리자 권한으로 실행해야함
- webstorm terminal을 사용하는 경우 webstorm을 관리자 권한으로 실행한다. (권장 X)
- 바로가기 아이콘 > 속성 > 호롼성 탭 > 관리자 권한으로 실행 옵션

* Installing Chocolatey : https://chocolatey.org/install
1. 관리자 권한으로 shell (CMD) 실행
2. CMD 명령 : https://blog.ionicframework.com/new-to-the-command-line/
window에서 cmd.exe, PowerShell 권장하지 않음. Git for Windows 권장(bash)
$ @"%SystemRoot%\System32\WindowsPowerShell\v1.0\powershell.exe" -NoProfile -InputFormat None -ExecutionPolicy Bypass -Command "iex ((New-Object System.Net.WebClient).DownloadString('https://chocolatey.org/install.ps1'))" && SET "PATH=%PATH%;%ALLUSERSPROFILE%\chocolatey\bin"
3. error가 발생하지 않았으면 choco 명령어를 사용할 수 있다.
$ choco

* Installing Meteor : https://www.meteor.com/install
Chocolatey를 이용한 프로그램 자동설치 한다.
$ choco install meteor
$ meteor --version
Meteor 1.6.0.1

* Uninstall Meteor from:
Win10: Settings > System > Apps & features > Meteor > Uninstall
Win7/Win8.1: Control Panel > Programs > Programs and Features > Meteor > Uninstall
Using Windows Explorer, delete the .meteor folder from %LOCALAPPDATA% completely. If you are unable to delete it due to long file-paths, please try using the 7-zip File Explorer application to do it instead.
Install fresh 1.4.4.1 from https://install.meteor.com/windows (you should skip logging in at the end due to bug #6218)
Restart
Open Command Prompt and type meteor --version to confirm it's working.

----------------------------
폴더 구조
----------------------------

+ client (client side with Angular and Ionic code)
    - scripts
    - templates
    - styles
    - index.html
+ server (server side code only)
+ public (assets, images)
+ lib
    - client 와 server 양쪽에서 공통으로 사용할 수 있는 methods, collections 정의
    - will be loaded first.

----------------------------
프로젝트
----------------------------

* 프로젝트 생성 : meteor create <프로젝트 이름>
$ meteor create meteor-ng
$ cd meteor-ng

* 프로젝트 실행
$ cd <프로젝트 이름>

$ meteor
브라우저에서 페이지 확인 : http://localhost:3000/
경로에 한글이 들어가 있는 경우에도 에러가 발생할 수 있다.
Mongo server가 시작할 수 없다는 error (NFS)가 발생하면 root 디렉토리를 변경하거나 한글 경로를 제거 해야 한다(c:/).

* 기본 템플릿 엔진 제거
- 기본 템플릿 엔진 : Blaze
- 기본 script 전처리기(pre-processor) :  Babel
$ meteor remove blaze-html-templates

------------------------
Angular 사용 환경 설정
------------------------

* angular 컴파일러 설치
- 템플릿 엔진 : Angular2 템플릿 엔진
- script 전처리기(pre-processor) : Typescript
* 튜토리얼에는 angular2-compilers 패키지를 설치하라고 되어 있으나 설치 에러남
대신 angular-compilers 를 사용함. (Blaze 템플릿 엔진을 대체, Typescript 사용, CSS 전처리기로 SASS 사용)
$ meteor add angular-compilers

    angular-compilers            added, version 0.2.9_2
    angular-html-compiler        added, version 0.2.9
    angular-scss-compiler        added, version 0.2.9
    angular-typescript-compiler  added, version 0.2.9_5
    tmeasday:check-npm-versions  added, version 0.3.1

1. Typescript 설정
- /tsconfig.json
  참고/업데이트 설정파일/tsconfig.json

- /declarations.d.ts
  참고/업데이트 설정파일/declarations.d.ts

2. Angular 의존성 패키지 설치
$ meteor npm install --save @angular/common @angular/compiler @angular/compiler-cli @angular/core @angular/forms @angular/http @angular/platform-browser @angular/platform-browser-dynamic @angular/platform-server meteor-rxjs reflect-metadata rxjs zone.js
$ meteor npm install --save-dev @types/meteor @types/meteor-accounts-phone @types/underscore meteor-typings

3. 기존 프로젝트의 App 파일들을 변환
- .js --> .ts
- .css --> .scss

$ mv server/main.js server/main.ts
$ mv client/main.js client/main.ts
$ mv client/main.css client/main.scss

----------------------------
Ionic 설정
----------------------------

* basic Cordova plugins
$ meteor add cordova:cordova-plugin-whitelist@1.3.1
$ meteor add cordova:cordova-plugin-console@1.0.5
$ meteor add cordova:cordova-plugin-statusbar@2.2.1
$ meteor add cordova:cordova-plugin-device@1.1.4
$ meteor add cordova:ionic-plugin-keyboard@1.1.4
$ meteor add cordova:cordova-plugin-splashscreen@4.0.1

* Ionic
$ meteor npm install --save @ionic/storage
$ meteor npm install --save ionic-angular
$ meteor npm install --save ionic-native
$ meteor npm install --save ionicons

* Meteor 프로젝트는 기본값으로 mobile-experience 패키지를 사용함
- fastclick, mobile-status-bar, launch-screen의 번들 패키지임
- fastclick 패키지는 Meteor와 Ionic 함수 사이에서 충돌이 발생함
- mobile-experience 패키지를 삭제하고, mobile-status-bar, launch-screen를 설치해줌

    $ meteor remove mobile-experience
    $ meteor add mobile-status-bar
    $ meteor add launch-screen

* 에러 : StaticInjectorError[ApplicationInitStatus]
https://github.com/driftyco/ionic/blob/master/CHANGELOG.md
BrowserModule을 app/app.module.ts 파일에 임포트 시켜준다.

import { BrowserModule } from '@angular/platform-browser';
imports: [
  BrowserModule,
  IonicModule.forRoot(MyApp)
],

CSS : fonts.json
$ meteor add mys:fonts

* 에러 : main.scss 에서 theme 로드하지 않음
// Theme
//@import "imports/theme/variables";

----------------------------
실행
----------------------------

* Running on Mobile
$ meteor add-platform ios
$ meteor run ios

$ meteor add-platform android
$ meteor run android

* Web
$ meteor
브라우저 접속 (http://localhost:3000)



















